// Jest Snapshot v1, https://goo.gl/fbAQLP

exports[`basic from plain content 1`] = `
Object {
  "children": Array [
    Object {
      "children": Array [
        Object {
          "doc": Object {
            "description": undefined,
            "tags": Array [
              Object {
                "fullText": "@param {number} a
 * ",
                "name": "a",
                "tagName": "param",
                "text": "a",
                "typeExpression": "number",
              },
              Object {
                "fullText": "@param {number} b
 * ",
                "name": "b",
                "tagName": "param",
                "text": "b",
                "typeExpression": "number",
              },
              Object {
                "fullText": "@returns {number}",
                "name": undefined,
                "tagName": "returns",
                "text": undefined,
                "typeExpression": "number",
              },
            ],
          },
          "isDefaultExport": false,
          "isExported": false,
          "name": "sum",
          "parameters": Array [
            Object {
              "initializer": undefined,
              "isReadOnly": false,
              "isRestParameter": false,
              "name": "a",
              "type": "Parameter",
              "valueType": "number",
            },
            Object {
              "initializer": undefined,
              "isReadOnly": false,
              "isRestParameter": false,
              "name": "b",
              "type": "Parameter",
              "valueType": "number",
            },
          ],
          "type": "FunctionDeclaration",
          "valueType": "number",
        },
      ],
      "doc": Object {
        "description": "",
        "tags": Array [],
      },
      "name": "Index",
      "type": "Module",
    },
  ],
  "type": "Root",
}
`;

exports[`basic from vfile 1`] = `
Object {
  "children": Array [
    Object {
      "children": Array [
        Object {
          "doc": Object {
            "description": "This is a callback example",
            "tags": Array [
              Object {
                "fullText": "@param {number} age Set the age
 * ",
                "name": "age",
                "tagName": "param",
                "text": "Set the age",
                "typeExpression": "number",
              },
              Object {
                "fullText": "@returns {Human}",
                "name": undefined,
                "tagName": "returns",
                "text": undefined,
                "typeExpression": "Human",
              },
              Object {
                "fullText": "@callback createHumanCallback
 ",
                "name": undefined,
                "tagName": "callback",
                "text": "createHumanCallback",
                "typeExpression": undefined,
              },
            ],
          },
          "isDefaultExport": false,
          "isExported": true,
          "name": "createHumanCallback",
          "parameters": Array [
            Object {
              "initializer": undefined,
              "isReadOnly": false,
              "isRestParameter": false,
              "name": "age",
              "type": "Parameter",
              "valueType": "number",
            },
          ],
          "type": "FunctionType",
          "valueType": "Human",
        },
        Object {
          "children": Array [
            Object {
              "doc": Object {
                "description": "some a description",
                "tags": Array [],
              },
              "initializer": undefined,
              "isReadOnly": false,
              "name": "a",
              "type": "PropertySignature",
              "valueType": "string",
            },
            Object {
              "doc": undefined,
              "initializer": undefined,
              "isReadOnly": false,
              "name": "b",
              "type": "PropertySignature",
              "valueType": "number",
            },
          ],
          "doc": Object {
            "description": "This is a typedef example",
            "tags": Array [
              Object {
                "fullText": "@type {Object}",
                "name": undefined,
                "tagName": "type",
                "text": undefined,
                "typeExpression": "Object",
              },
              Object {
                "fullText": "@prop ",
                "name": undefined,
                "tagName": "prop",
                "text": "options.a some a description",
                "typeExpression": "string",
              },
              Object {
                "fullText": "@prop ",
                "name": undefined,
                "tagName": "prop",
                "text": "options.b",
                "typeExpression": "number",
              },
              Object {
                "fullText": "@typedef options",
                "name": undefined,
                "tagName": "typedef",
                "text": "options",
                "typeExpression": undefined,
              },
            ],
          },
          "isDefaultExport": false,
          "isExported": true,
          "name": "options",
          "type": "TypeLiteral",
        },
        Object {
          "children": Array [
            Object {
              "doc": Object {
                "description": undefined,
                "tags": Array [
                  Object {
                    "fullText": "@constructor
     * ",
                    "name": undefined,
                    "tagName": "constructor",
                    "text": undefined,
                    "typeExpression": undefined,
                  },
                  Object {
                    "fullText": "@param {string} name - Set a name
     * ",
                    "name": "name",
                    "tagName": "param",
                    "text": "- Set a name",
                    "typeExpression": "string",
                  },
                  Object {
                    "fullText": "@param {number} age Set the age
     ",
                    "name": "age",
                    "tagName": "param",
                    "text": "Set the age",
                    "typeExpression": "number",
                  },
                ],
              },
              "parameters": Array [
                Object {
                  "initializer": undefined,
                  "isReadOnly": false,
                  "isRestParameter": false,
                  "name": "name",
                  "type": "Parameter",
                  "valueType": "string",
                },
                Object {
                  "initializer": undefined,
                  "isReadOnly": false,
                  "isRestParameter": false,
                  "name": "age",
                  "type": "Parameter",
                  "valueType": "number",
                },
              ],
              "type": "Constructor",
              "valueType": undefined,
            },
            Object {
              "doc": undefined,
              "initializer": undefined,
              "isReadOnly": false,
              "name": "_name",
              "type": "PropertyDeclaration",
              "valueType": "string",
            },
            Object {
              "doc": undefined,
              "initializer": undefined,
              "isReadOnly": false,
              "name": "_age",
              "type": "PropertyDeclaration",
              "valueType": "number",
            },
            Object {
              "doc": Object {
                "description": undefined,
                "tags": Array [
                  Object {
                    "fullText": "@private",
                    "name": undefined,
                    "tagName": "private",
                    "text": undefined,
                    "typeExpression": undefined,
                  },
                ],
              },
              "initializer": undefined,
              "isReadOnly": false,
              "name": "_aPrivateMethod",
              "type": "PropertyDeclaration",
              "valueType": undefined,
            },
            Object {
              "doc": Object {
                "description": undefined,
                "tags": Array [
                  Object {
                    "fullText": "@prop ",
                    "name": undefined,
                    "tagName": "prop",
                    "text": undefined,
                    "typeExpression": "string",
                  },
                ],
              },
              "isAbstract": false,
              "isStatic": false,
              "name": "name",
              "type": "GetAccessor",
              "valueType": "string",
            },
            Object {
              "doc": undefined,
              "isAbstract": false,
              "isStatic": false,
              "name": "age",
              "type": "GetAccessor",
              "valueType": "number",
            },
            Object {
              "doc": undefined,
              "isAbstract": false,
              "isStatic": false,
              "name": "age",
              "type": "SetAccessor",
              "valueType": "number",
            },
            Object {
              "doc": undefined,
              "isAbstract": false,
              "isAsync": false,
              "isGenerator": false,
              "isStatic": false,
              "name": "sayHello",
              "parameters": Array [],
              "type": "MethodDeclaration",
              "valueType": "string",
            },
          ],
          "doc": Object {
            "description": undefined,
            "tags": Array [
              Object {
                "fullText": "@example
 * ",
                "name": undefined,
                "tagName": "example",
                "text": "const human = new Human('pepe', 20)
console.log(human.age)",
                "typeExpression": undefined,
              },
              Object {
                "fullText": "@description ",
                "name": undefined,
                "tagName": "description",
                "text": "eso es",
                "typeExpression": undefined,
              },
            ],
          },
          "extends": undefined,
          "isDefaultExport": false,
          "isExported": true,
          "name": "Human",
          "type": "ClassDeclaration",
        },
        Object {
          "doc": Object {
            "description": "It's a human factory",
            "tags": Array [
              Object {
                "fullText": "@param {string} name Set a name
 * ",
                "name": "name",
                "tagName": "param",
                "text": "Set a name",
                "typeExpression": "string",
              },
              Object {
                "fullText": "@returns {createHumanCallback}",
                "name": undefined,
                "tagName": "returns",
                "text": "a function",
                "typeExpression": "createHumanCallback",
              },
            ],
          },
          "isDefaultExport": false,
          "isExported": true,
          "name": "humanFactory",
          "parameters": Array [
            Object {
              "initializer": undefined,
              "isReadOnly": false,
              "isRestParameter": false,
              "name": "name",
              "type": "Parameter",
              "valueType": "string",
            },
          ],
          "type": "FunctionDeclaration",
          "valueType": "createHumanCallback",
        },
        Object {
          "doc": undefined,
          "isDefaultExport": false,
          "isExported": true,
          "kind": "const",
          "name": "CONSTANT",
          "type": "VariableDeclaration",
          "valueType": "\\"test\\"",
        },
      ],
      "doc": Object {
        "description": "
A library for building widgets.
",
        "tags": Array [
          Object {
            "fullText": "@remarks
 * ",
            "name": undefined,
            "tagName": "remarks",
            "text": "The \`widget-lib\` defines the {@link IWidget} interface and {@link Widget} class,
which are used to build widgets.",
            "typeExpression": undefined,
          },
          Object {
            "fullText": "@packageDocumentation",
            "name": undefined,
            "tagName": "packageDocumentation",
            "text": undefined,
            "typeExpression": undefined,
          },
        ],
      },
      "name": "Human",
      "type": "Module",
    },
    Object {
      "children": Array [
        Object {
          "children": Array [
            Object {
              "doc": Object {
                "description": undefined,
                "tags": Array [
                  Object {
                    "fullText": "@constructor
     * ",
                    "name": undefined,
                    "tagName": "constructor",
                    "text": undefined,
                    "typeExpression": undefined,
                  },
                  Object {
                    "fullText": "@param {string} name
     ",
                    "name": "name",
                    "tagName": "param",
                    "text": "name",
                    "typeExpression": "string",
                  },
                ],
              },
              "parameters": Array [
                Object {
                  "initializer": undefined,
                  "isReadOnly": false,
                  "isRestParameter": false,
                  "name": "name",
                  "type": "Parameter",
                  "valueType": "string",
                },
              ],
              "type": "Constructor",
              "valueType": undefined,
            },
            Object {
              "doc": undefined,
              "initializer": undefined,
              "isReadOnly": false,
              "name": "_name",
              "type": "PropertyDeclaration",
              "valueType": "string",
            },
            Object {
              "doc": Object {
                "description": undefined,
                "tags": Array [
                  Object {
                    "fullText": "@prop ",
                    "name": undefined,
                    "tagName": "prop",
                    "text": undefined,
                    "typeExpression": "string",
                  },
                ],
              },
              "isAbstract": false,
              "isStatic": false,
              "name": "name",
              "type": "GetAccessor",
              "valueType": "string",
            },
          ],
          "doc": undefined,
          "extends": undefined,
          "isDefaultExport": false,
          "isExported": true,
          "name": "Power",
          "type": "ClassDeclaration",
        },
      ],
      "doc": Object {
        "description": "",
        "tags": Array [],
      },
      "name": "Power",
      "type": "Module",
    },
    Object {
      "children": Array [
        Object {
          "doc": undefined,
          "isDefaultExport": false,
          "isExported": true,
          "name": "Power",
          "type": "ImportType",
        },
        Object {
          "children": Array [
            Object {
              "doc": undefined,
              "parameters": Array [
                Object {
                  "initializer": undefined,
                  "isReadOnly": false,
                  "isRestParameter": false,
                  "name": "name",
                  "type": "Parameter",
                  "valueType": "string",
                },
                Object {
                  "initializer": undefined,
                  "isReadOnly": false,
                  "isRestParameter": false,
                  "name": "age",
                  "type": "Parameter",
                  "valueType": "number",
                },
              ],
              "type": "Constructor",
              "valueType": undefined,
            },
            Object {
              "doc": undefined,
              "initializer": undefined,
              "isReadOnly": false,
              "name": "_power",
              "type": "PropertyDeclaration",
              "valueType": "typeof import(\\"./power\\")",
            },
            Object {
              "doc": Object {
                "description": "Set a power",
                "tags": Array [
                  Object {
                    "fullText": "@param {Power} power
     * ",
                    "name": "power",
                    "tagName": "param",
                    "text": "power",
                    "typeExpression": "Power",
                  },
                  Object {
                    "fullText": "@returns {Mutan}",
                    "name": undefined,
                    "tagName": "returns",
                    "text": undefined,
                    "typeExpression": "Mutan",
                  },
                ],
              },
              "isAbstract": false,
              "isAsync": false,
              "isGenerator": false,
              "isStatic": false,
              "name": "setPower",
              "parameters": Array [
                Object {
                  "initializer": undefined,
                  "isReadOnly": false,
                  "isRestParameter": false,
                  "name": "power",
                  "type": "Parameter",
                  "valueType": "Power",
                },
              ],
              "type": "MethodDeclaration",
              "valueType": "any",
            },
            Object {
              "doc": Object {
                "description": undefined,
                "tags": Array [
                  Object {
                    "fullText": "@returns {Power}",
                    "name": undefined,
                    "tagName": "returns",
                    "text": undefined,
                    "typeExpression": "Power",
                  },
                ],
              },
              "isAbstract": false,
              "isAsync": false,
              "isGenerator": false,
              "isStatic": false,
              "name": "getPower",
              "parameters": Array [],
              "type": "MethodDeclaration",
              "valueType": "Power",
            },
          ],
          "doc": undefined,
          "extends": "Human",
          "isDefaultExport": false,
          "isExported": true,
          "name": "Mutant",
          "type": "ClassDeclaration",
        },
      ],
      "doc": Object {
        "description": "",
        "tags": Array [],
      },
      "name": "Mutant",
      "type": "Module",
    },
    Object {
      "children": Array [],
      "doc": Object {
        "description": "",
        "tags": Array [],
      },
      "name": "Index",
      "type": "Module",
    },
  ],
  "type": "Root",
}
`;
